// Vitest Snapshot v1, https://vitest.dev/guide/snapshot.html

exports[`removeNode > removes the node from tree correctly 1`] = `
[
  {
    "children": [
      {
        "children": [],
        "id": "4",
        "name": "sub-category-2",
      },
    ],
    "id": "2",
    "name": "category-2",
  },
]
`;
