// Vitest Snapshot v1, https://vitest.dev/guide/snapshot.html

exports[`safeInsert > returns updated tree including the inserted node 1`] = `
[
  {
    "children": [
      {
        "children": [
          {
            "children": [],
            "id": "5",
            "name": "sub-category-3",
          },
          {
            "children": [],
            "id": "10",
            "name": "sub-category-3",
          },
        ],
        "id": "3",
        "name": "sub-category-1",
      },
    ],
    "id": "1",
    "name": "category-1",
  },
  {
    "children": [
      {
        "children": [],
        "id": "4",
        "name": "sub-category-2",
      },
    ],
    "id": "2",
    "name": "category-2",
  },
]
`;

exports[`safeInsert > returns updated tree including the inserted node 2`] = `
[
  {
    "children": [
      {
        "children": [
          {
            "children": [],
            "id": "5",
            "name": "sub-category-3",
          },
          {
            "children": [],
            "id": "20",
            "name": "sub-category-10",
          },
        ],
        "id": "3",
        "name": "sub-category-1",
      },
    ],
    "id": "1",
    "name": "category-1",
  },
  {
    "children": [
      {
        "children": [],
        "id": "4",
        "name": "sub-category-2",
      },
    ],
    "id": "2",
    "name": "category-2",
  },
]
`;

exports[`safeInsert > returns updated tree including the inserted node at first level of tree within null destId 1`] = `
[
  {
    "children": [
      {
        "children": [
          {
            "children": [],
            "id": "5",
            "name": "sub-category-3",
          },
        ],
        "id": "3",
        "name": "sub-category-1",
      },
    ],
    "id": "1",
    "name": "category-1",
  },
  {
    "children": [
      {
        "children": [],
        "id": "4",
        "name": "sub-category-2",
      },
    ],
    "id": "2",
    "name": "category-2",
  },
  {
    "children": [],
    "id": "6",
    "name": "sub-category-root",
  },
]
`;
