// Vitest Snapshot v1, https://vitest.dev/guide/snapshot.html

exports[`move > moved nodeId:3 to nodeId:null (first level depth) should 1`] = `
[
  {
    "children": [],
    "id": "1",
    "name": "category-1",
  },
  {
    "children": [
      {
        "children": [],
        "id": "4",
        "name": "sub-category-2",
      },
    ],
    "id": "2",
    "name": "category-2",
  },
  {
    "children": [
      {
        "children": [],
        "id": "5",
        "name": "sub-category-3",
      },
    ],
    "id": "3",
    "name": "sub-category-1",
  },
]
`;

exports[`move > moved nodeId:3 to nodeId:null (first level depth) should 2`] = `
[
  {
    "children": [],
    "id": "1",
    "name": "category-1",
  },
  {
    "children": [
      {
        "children": [],
        "id": "4",
        "name": "sub-category-2",
      },
    ],
    "id": "2",
    "name": "category-2",
  },
  {
    "children": [
      {
        "children": [],
        "id": "5",
        "name": "sub-category-3",
      },
    ],
    "id": "3",
    "name": "sub-category-1",
  },
]
`;

exports[`move > moved nodeId:4 to nodeId:3 should 1`] = `
[
  {
    "children": [
      {
        "children": [
          {
            "children": [],
            "id": "5",
            "name": "sub-category-3",
          },
          {
            "children": [],
            "id": "4",
            "name": "sub-category-2",
          },
        ],
        "id": "3",
        "name": "sub-category-1",
      },
    ],
    "id": "1",
    "name": "category-1",
  },
  {
    "children": [],
    "id": "2",
    "name": "category-2",
  },
]
`;

exports[`move > moved nodeId:4 to nodeId:3 should 2`] = `
[
  {
    "children": [
      {
        "children": [
          {
            "children": [],
            "id": "5",
            "name": "sub-category-3",
          },
          {
            "children": [],
            "id": "4",
            "name": "sub-category-2",
          },
        ],
        "id": "3",
        "name": "sub-category-1",
      },
    ],
    "id": "1",
    "name": "category-1",
  },
  {
    "children": [],
    "id": "2",
    "name": "category-2",
  },
]
`;
