// Vitest Snapshot v1, https://vitest.dev/guide/snapshot.html

exports[`buildTree > should returns tree version of given flat data 1`] = `
[
  {
    "children": [
      {
        "children": [
          {
            "children": [],
            "id": "5",
            "name": "sub-category-3",
          },
        ],
        "id": "3",
        "name": "sub-category-1",
      },
    ],
    "id": "1",
    "name": "category-1",
  },
  {
    "children": [
      {
        "children": [],
        "id": "4",
        "name": "sub-category-2",
      },
    ],
    "id": "2",
    "name": "category-2",
  },
]
`;
